commit a1b2c3d4e5f6a7b8c9d0
Author: Alice Johnson <alice.johnson@example.com>
Date:   2026-02-20
Initialize parser scaffolding

commit b2c3d4e5f6a7b8c9d0e1
Author: Alice Johnson <alice.johnson@example.com>
Date:   2026-02-21
Add commit grouping by developer

commit c3d4e5f6a7b8c9d0e1f2
Author: Alice Johnson <alice.johnson@example.com>
Date:   2026-02-22
Refactor date extraction helper

commit d4e5f6a7b8c9d0e1f2a3
Author: Bob Lee <bob.lee@example.com>
Date:   2026-02-20
Add inactive developer gap calculation

commit e5f6a7b8c9d0e1f2a3b4
Author: Bob Lee <bob.lee@example.com>
Date:   2026-02-23
Fix grouping edge case for empty list

commit f6a7b8c9d0e1f2a3b4c5
Author: Carol Nguyen <carol.nguyen@example.com>
Date:   2026-02-25
Improve service error handling

commit a7b8c9d0e1f2a3b4c5d6
Author: David Kim <david.kim@example.com>
Date:   2026-02-18
Prepare project layout

commit b8c9d0e1f2a3b4c5d6e7
Author: David Kim <david.kim@example.com>
Date:   2026-02-22
Add controller output formatting
